// Jest Snapshot v1, https://goo.gl/fbAQLP

exports[`Loot renders properly 1`] = `
ShallowWrapper {
  "length": 1,
  Symbol(enzyme.__root__): [Circular],
  Symbol(enzyme.__unrendered__): <Loot
    balance={10}
    bitcoin={Object {}}
/>,
  Symbol(enzyme.__renderer__): Object {
    "batchedUpdates": [Function],
    "getNode": [Function],
    "render": [Function],
    "simulateEvent": [Function],
    "unmount": [Function],
  },
  Symbol(enzyme.__node__): Object {
    "instance": null,
    "key": undefined,
    "nodeType": "host",
    "props": Object {
      "children": Array [
        <h3>
          Bitcoin balance: 
          
</h3>,
        <p>
          Powered By
           
          <a
                    href="https://www.coindesk.com/price"
                    rel="noopener noreferrer"
                    target="_blank"
          >
                    CoinDesk
          </a>
</p>,
      ],
    },
    "ref": null,
    "rendered": Array [
      Object {
        "instance": null,
        "key": undefined,
        "nodeType": "host",
        "props": Object {
          "children": Array [
            "Bitcoin balance: ",
            "",
          ],
        },
        "ref": null,
        "rendered": Array [
          "Bitcoin balance: ",
          "",
        ],
        "type": "h3",
      },
      Object {
        "instance": null,
        "key": undefined,
        "nodeType": "host",
        "props": Object {
          "children": Array [
            "Powered By",
            " ",
            <a
              href="https://www.coindesk.com/price"
              rel="noopener noreferrer"
              target="_blank"
>
              CoinDesk
</a>,
          ],
        },
        "ref": null,
        "rendered": Array [
          "Powered By",
          " ",
          Object {
            "instance": null,
            "key": undefined,
            "nodeType": "host",
            "props": Object {
              "children": "CoinDesk",
              "href": "https://www.coindesk.com/price",
              "rel": "noopener noreferrer",
              "target": "_blank",
            },
            "ref": null,
            "rendered": "CoinDesk",
            "type": "a",
          },
        ],
        "type": "p",
      },
    ],
    "type": "div",
  },
  Symbol(enzyme.__nodes__): Array [
    Object {
      "instance": null,
      "key": undefined,
      "nodeType": "host",
      "props": Object {
        "children": Array [
          <h3>
            Bitcoin balance: 
            
</h3>,
          <p>
            Powered By
             
            <a
                        href="https://www.coindesk.com/price"
                        rel="noopener noreferrer"
                        target="_blank"
            >
                        CoinDesk
            </a>
</p>,
        ],
      },
      "ref": null,
      "rendered": Array [
        Object {
          "instance": null,
          "key": undefined,
          "nodeType": "host",
          "props": Object {
            "children": Array [
              "Bitcoin balance: ",
              "",
            ],
          },
          "ref": null,
          "rendered": Array [
            "Bitcoin balance: ",
            "",
          ],
          "type": "h3",
        },
        Object {
          "instance": null,
          "key": undefined,
          "nodeType": "host",
          "props": Object {
            "children": Array [
              "Powered By",
              " ",
              <a
                href="https://www.coindesk.com/price"
                rel="noopener noreferrer"
                target="_blank"
>
                CoinDesk
</a>,
            ],
          },
          "ref": null,
          "rendered": Array [
            "Powered By",
            " ",
            Object {
              "instance": null,
              "key": undefined,
              "nodeType": "host",
              "props": Object {
                "children": "CoinDesk",
                "href": "https://www.coindesk.com/price",
                "rel": "noopener noreferrer",
                "target": "_blank",
              },
              "ref": null,
              "rendered": "CoinDesk",
              "type": "a",
            },
          ],
          "type": "p",
        },
      ],
      "type": "div",
    },
  ],
  Symbol(enzyme.__options__): Object {
    "adapter": ReactSixteenAdapter {
      "options": Object {
        "enableComponentDidUpdateOnSetState": true,
      },
    },
    "disableLifecycleMethods": true,
  },
}
`;
